[hawthorncreative.com/blog/5-website-designs-our-designers-love/index.html]
[www.googleoptimize.com/optimizee013.js]
[use.typekit.net/hon5avr.css]
[backblue.gif]
[fade.gif]
[index.html]
[hawthorncreative.com/wp-content/plugins/instagram-feed/css/sb-instagram-2-2.mina305.css]
[hawthorncreative.com/wp-includes/css/dist/block-library/style.min1eb7.css]
[hawthorncreative.com/wp-content/plugins/wp-pagenavi/pagenavi-css44fd.css]
[hawthorncreative.com/wp-content/plugins/simply-schedule-appointments/assets/css/ssa-styles3b91.css]
[hawthorncreative.com/wp-content/themes/hawthorn/style5bf7.css]
[cdn.jsdelivr.net/bxslider/4.2.12/jquery.bxslider1eb7.css]
[unpkg.com/aos@2.3.1/dist/aos.91eb7.delayed]
[unpkg.com/aos@2.3.1/dist/aos.css]
[cdn.jsdelivr.net/gh/fancyapps/fancybox@3.5.7/dist/jquery.fancybox.min1eb7.css]
[hawthorncreative.com/wp-includes/css/dashicons.min1eb7.css]
[hawthorncreative.com/wp-content/plugins/private-google-calendars/lib/fullcalendar4/core/main.mindba7.css]
[hawthorncreative.com/wp-content/plugins/private-google-calendars/lib/fullcalendar4/daygrid/main.mindba7.css]
[hawthorncreative.com/wp-content/plugins/private-google-calendars/lib/fullcalendar4/timegrid/main.mindba7.css]
[hawthorncreative.com/wp-content/plugins/private-google-calendars/lib/fullcalendar4/list/main.mindba7.css]
[hawthorncreative.com/wp-content/plugins/private-google-calendars/css/pgcdba7.css]
[hawthorncreative.com/wp-content/plugins/private-google-calendars/lib/tippy/light-borderdba7.css]
[hawthorncreative.com/wp-includes/js/jquery/jquery.minaf6c.js]
[hawthorncreative.com/wp-includes/js/jquery/jquery-migrate.mind617.js]
[unpkg.com/aos@2.3.1/dist/aos.151eb7.delayed]
[unpkg.com/aos@2.3.1/dist/aos.js]
[cdn.jsdelivr.net/gh/fancyapps/fancybox@3.5.7/dist/jquery.fancybox.min1eb7.js]
[hawthorncreative.com/wp-content/themes/hawthorn/js/site2c03.js]
[cdn.jsdelivr.net/bxslider/4.2.12/jquery.bxslider.min1eb7.js]
[hawthorncreative.com/wp-content/uploads/2019/12/cropped-favicon-32x32.png]
[hawthorncreative.com/wp-content/uploads/2019/12/cropped-favicon-192x192.png]
[hawthorncreative.com/wp-content/uploads/2019/12/cropped-favicon-180x180.png]
[js.hs-scripts.com/6316141.js]
[connect.facebook.net/en_US/fbevents.js]
[hawthorncreative.com/wp-content/uploads/2018/04/hawthorn-creative-hospitality-marketing-7-Hospitality-Industry-Website-Designs-Our-Designers-Love-Feature-1.jpg]
[hawthorncreative.com/wp-content/uploads/2020/01/2-ifly-magazine.jpg]
[hawthorncreative.com/wp-content/uploads/2020/01/3-waldhaus-films.jpg]
[hawthorncreative.com/wp-content/uploads/2020/01/4-vistablue.jpg]
[hawthorncreative.com/wp-content/uploads/2020/01/6-vollerei.jpg]
[hawthorncreative.com/wp-content/uploads/2020/01/7-diligence.jpg]
[hawthorncreative.com/wp-content/uploads/2020/02/hawthorn-creative-hospitality-marketing-gated-ebook-the-complete-content-marketing-roadmap-for-hotels-cta-image-left.jpg]
[js.hsforms.net/forms/v2.js]
[hawthorncreative.com/wp-content/uploads/2020/09/hc-blog-cta-placeholder.jpg]
[hawthorncreative.com/wp-content/uploads/2020/01/contact-circle.png]
[hawthorncreative.com/wp-content/plugins/instagram-feed/img/placeholder.png]
[hawthorncreative.com/wp-content/themes/hawthorn/js/navigation4a7d.js]
[hawthorncreative.com/wp-includes/js/imagesloaded.mineda1.js]
[hawthorncreative.com/wp-includes/js/masonry.min3a05.js]
[hawthorncreative.com/wp-content/themes/hawthorn/js/skip-link-focus-fix4a7d.js]
[hawthorncreative.com/wp-content/plugins/private-google-calendars/lib/popper.mindba7.js]
[hawthorncreative.com/wp-content/plugins/private-google-calendars/lib/tippy/tippy-bundle.umd.mindba7.js]
[hawthorncreative.com/wp-content/plugins/private-google-calendars/lib/moment/moment-with-locales.mindba7.js]
[hawthorncreative.com/wp-content/plugins/private-google-calendars/lib/moment/moment-timezone-with-data.mindba7.js]
[hawthorncreative.com/wp-content/plugins/private-google-calendars/lib/fullcalendar4/core/main.mindba7.js]
[hawthorncreative.com/wp-content/plugins/private-google-calendars/lib/fullcalendar4/moment/main.mindba7.js]
[hawthorncreative.com/wp-content/plugins/private-google-calendars/lib/fullcalendar4/moment-timezone/main.mindba7.js]
[hawthorncreative.com/wp-content/plugins/private-google-calendars/lib/fullcalendar4/daygrid/main.mindba7.js]
[hawthorncreative.com/wp-content/plugins/private-google-calendars/lib/fullcalendar4/timegrid/main.mindba7.js]
[hawthorncreative.com/wp-content/plugins/private-google-calendars/lib/fullcalendar4/list/main.mindba7.js]
[hawthorncreative.com/wp-content/plugins/private-google-calendars/lib/fullcalendar4/core/locales-all.mindba7.js]
[hawthorncreative.com/wp-content/plugins/private-google-calendars/js/pgcdba7.js]
[hawthorncreative.com/wp-content/plugins/instagram-feed/js/sb-instagram-2-2.mina305.js]
[snap.licdn.com/li.lms-analytics/insight.min.js]
[hawthorncreative.com/blog/5-website-designs-our-designers-love/index.html]
[www.googletagmanager.com/gtm5445.html]
[use.typekit.net/af/949f99/00000000000000003b9b3068/27/l652f]
[use.typekit.net/af/949f99/00000000000000003b9b3068/27/d652f]
[use.typekit.net/af/949f99/00000000000000003b9b3068/27/a652f]
[use.typekit.net/af/d82519/00000000000000003b9b306a/27/l7238]
[use.typekit.net/af/d82519/00000000000000003b9b306a/27/d7238]
[use.typekit.net/af/d82519/00000000000000003b9b306a/27/a7238]
[use.typekit.net/af/576d53/00000000000000003b9b3066/27/l5bba]
[use.typekit.net/af/576d53/00000000000000003b9b3066/27/d5bba]
[use.typekit.net/af/576d53/00000000000000003b9b3066/27/a5bba]
[use.typekit.net/af/cebe0e/00000000000000003b9b3060/27/l3eab]
[use.typekit.net/af/cebe0e/00000000000000003b9b3060/27/d3eab]
[use.typekit.net/af/cebe0e/00000000000000003b9b3060/27/a3eab]
[use.typekit.net/af/40ff7f/00000000000000003b9b3061/27/laaa3]
[use.typekit.net/af/40ff7f/00000000000000003b9b3061/27/daaa3]
[use.typekit.net/af/40ff7f/00000000000000003b9b3061/27/aaaa3]
[use.typekit.net/af/6e816b/00000000000000003b9b3064/27/le003]
[use.typekit.net/af/6e816b/00000000000000003b9b3064/27/de003]
[use.typekit.net/af/6e816b/00000000000000003b9b3064/27/ae003]
[use.typekit.net/af/4341ef/000000000000000000013027/27/l3eab]
[use.typekit.net/af/4341ef/000000000000000000013027/27/d3eab]
[use.typekit.net/af/4341ef/000000000000000000013027/27/a3eab]
[use.typekit.net/af/74a78f/00000000000000000001302b/27/le196]
[use.typekit.net/af/74a78f/00000000000000000001302b/27/de196]
[use.typekit.net/hon5avr.css]
[use.typekit.net/af/74a78f/00000000000000000001302b/27/ae196]
[hawthorncreative.com/wp-content/plugins/instagram-feed/img/small-logo.png]
[hawthorncreative.com/wp-content/plugins/instagram-feed/css/sb-instagram-2-2.mina305.css]
[hawthorncreative.com/wp-includes/css/dist/block-library/style.min1eb7.css]
[hawthorncreative.com/wp-content/plugins/wp-pagenavi/pagenavi-css44fd.css]
[hawthorncreative.com/wp-content/plugins/simply-schedule-appointments/assets/css/ssa-styles3b91.css]
[hawthorncreative.com/wp-content/themes/hawthorn/images/arrow-right.png]
[hawthorncreative.com/wp-content/themes/hawthorn/images/arrow-right-white.png]
[hawthorncreative.com/wp-content/themes/hawthorn/images/arrow-right-black.png]
[hawthorncreative.com/wp-content/themes/hawthorn/images/slider-arrow.png]
[hawthorncreative.com/wp-content/themes/hawthorn/images/playbtn-new.png]
[hawthorncreative.com/wp-content/themes/hawthorn/images/check-mark.svg]
[hawthorncreative.com/wp-content/themes/hawthorn/style5bf7.css]
[hawthorncreative.com/wp-content/themes/hawthorn/images/close-icon.svg]
[cdn.jsdelivr.net/bxslider/4.2.12/images/bx_loader.gif]
[cdn.jsdelivr.net/bxslider/4.2.12/images/controls.png]
[cdn.jsdelivr.net/bxslider/4.2.12/jquery.bxslider1eb7.css]
[unpkg.com/aos@2.3.1/dist/aos.css]
[cdn.jsdelivr.net/gh/fancyapps/fancybox@3.5.7/dist/jquery.fancybox.min1eb7.css]
[hawthorncreative.com/wp-includes/css/dashicons.min1eb7.css]
[hawthorncreative.com/wp-content/plugins/private-google-calendars/lib/fullcalendar4/core/main.mindba7.css]
[hawthorncreative.com/wp-content/plugins/private-google-calendars/lib/fullcalendar4/daygrid/main.mindba7.css]
[hawthorncreative.com/wp-content/plugins/private-google-calendars/lib/fullcalendar4/timegrid/main.mindba7.css]
[hawthorncreative.com/wp-content/plugins/private-google-calendars/lib/fullcalendar4/list/main.mindba7.css]
[hawthorncreative.com/wp-content/plugins/private-google-calendars/css/pgcdba7.css]
[hawthorncreative.com/wp-content/plugins/private-google-calendars/lib/tippy/light-borderdba7.css]
[hawthorncreative.com/blog/5-website-designs-our-designers-love/POST]
[connect.facebook.net/en_US/fbevents.js]
[snap.licdn.com/li.lms-analytics/insight.min.js]
[p.typekit.net/p76c0.css]
[hawthorncreative.com/wp-content/themes/hawthorn/images/check-mark.svg]
[hawthorncreative.com/wp-content/themes/hawthorn/images/close-icon.svg]
[hawthorncreative.com/blog/5-website-designs-our-designers-love/POST.html]
